#-----------------------------------------------------------
# Vivado v2024.2 (64-bit)
# SW Build 5239630 on Fri Nov 08 22:35:27 MST 2024
# IP Build 5239520 on Sun Nov 10 16:12:51 MST 2024
# SharedData Build 5239561 on Fri Nov 08 14:39:27 MST 2024
# Start of session at: Wed May 20 10:56:28 2026
# Process ID         : 9644
# Current directory  : D:/GIT REPO/Stochastic Edge Detector/Sobel/StEdge_Sobel_Basys3
# Command line       : vivado.exe -gui_launcher_event rodinguilauncherevent12868 D:\GIT REPO\Stochastic Edge Detector\Sobel\StEdge_Sobel_Basys3\StEdge_Sobel_Basys3.xpr
# Log file           : D:/GIT REPO/Stochastic Edge Detector/Sobel/StEdge_Sobel_Basys3/vivado.log
# Journal file       : D:/GIT REPO/Stochastic Edge Detector/Sobel/StEdge_Sobel_Basys3\vivado.jou
# Running On         : LAPTOP-SRINJAY
# Platform           : Windows Server 2016 or Windows 10
# Operating System   : 26200
# Processor Detail   : 12th Gen Intel(R) Core(TM) i5-12450H
# CPU Frequency      : 2496 MHz
# CPU Physical cores : 8
# CPU Logical cores  : 12
# Host memory        : 16802 MB
# Swap memory        : 7247 MB
# Total Virtual      : 24050 MB
# Available Virtual  : 4057 MB
#-----------------------------------------------------------
start_gui
open_project {D:/GIT REPO/Stochastic Edge Detector/Sobel/StEdge_Sobel_Basys3/StEdge_Sobel_Basys3.xpr}
INFO: [filemgmt 56-3] Default IP Output Path : Could not find the directory 'D:/GIT REPO/Stochastic Edge Detector/Sobel/StEdge_Sobel_Basys3/StEdge_Sobel_Basys3.gen/sources_1'.
WARNING: [filemgmt 56-3] IPUserFilesDir: Could not find the directory 'D:/GIT REPO/Stochastic Edge Detector/Sobel/StEdge_Sobel_Basys3/StEdge_Sobel_Basys3.ip_user_files'.
Scanning sources...
Finished scanning sources
INFO: [IP_Flow 19-234] Refreshing IP repositories
INFO: [IP_Flow 19-1704] No user IP repositories specified
INFO: [IP_Flow 19-2313] Loaded Vivado IP repository 'C:/Xilinx/Vivado/2024.2/data/ip'.
open_project: Time (s): cpu = 00:00:34 ; elapsed = 00:00:20 . Memory (MB): peak = 1255.137 ; gain = 192.453
update_compile_order -fileset sources_1
exit
INFO: [Common 17-206] Exiting Vivado at Wed May 20 11:03:00 2026...
