Copyright 1986-2022 Xilinx, Inc. All Rights Reserved. Copyright 2022-2024 Advanced Micro Devices, Inc. All Rights Reserved.
---------------------------------------------------------------------------------------------------------------------------------------------
| Tool Version : Vivado v.2024.2 (win64) Build 5239630 Fri Nov 08 22:35:27 MST 2024
| Date         : Mon May 18 22:05:16 2026
| Host         : LAPTOP-SRINJAY running 64-bit major release  (build 9200)
| Command      : report_control_sets -verbose -file top_wrapper_control_sets_placed.rpt
| Design       : top_wrapper
| Device       : xc7a35t
---------------------------------------------------------------------------------------------------------------------------------------------

Control Set Information

Table of Contents
-----------------
1. Summary
2. Histogram
3. Flip-Flop Distribution
4. Detailed Control Set Information

1. Summary
----------

+----------------------------------------------------------+-------+
|                          Status                          | Count |
+----------------------------------------------------------+-------+
| Total control sets                                       |    13 |
|    Minimum number of control sets                        |    13 |
|    Addition due to synthesis replication                 |     0 |
|    Addition due to physical synthesis replication        |     0 |
| Unused register locations in slices containing registers |    62 |
+----------------------------------------------------------+-------+
* Control sets can be merged at opt_design using control_set_merge or merge_equivalent_drivers
** Run report_qor_suggestions for automated merging and remapping suggestions


2. Histogram
------------

+--------------------+-------+
|       Fanout       | Count |
+--------------------+-------+
| Total control sets |    13 |
| >= 0 to < 4        |     2 |
| >= 4 to < 6        |     2 |
| >= 6 to < 8        |     0 |
| >= 8 to < 10       |     0 |
| >= 10 to < 12      |     4 |
| >= 12 to < 14      |     0 |
| >= 14 to < 16      |     0 |
| >= 16              |     5 |
+--------------------+-------+
* Control sets can be remapped at either synth_design or opt_design


3. Flip-Flop Distribution
-------------------------

+--------------+-----------------------+------------------------+-----------------+--------------+
| Clock Enable | Synchronous Set/Reset | Asynchronous Set/Reset | Total Registers | Total Slices |
+--------------+-----------------------+------------------------+-----------------+--------------+
| No           | No                    | No                     |               3 |            3 |
| No           | No                    | Yes                    |               0 |            0 |
| No           | Yes                   | No                     |              30 |           13 |
| Yes          | No                    | No                     |              18 |            6 |
| Yes          | No                    | Yes                    |               0 |            0 |
| Yes          | Yes                   | No                     |             119 |           44 |
+--------------+-----------------------+------------------------+-----------------+--------------+


4. Detailed Control Set Information
-----------------------------------

+--------------------------+---------------------------------------------------------------------+-------------------------------+------------------+----------------+--------------+
|       Clock Signal       |                            Enable Signal                            |        Set/Reset Signal       | Slice Load Count | Bel Load Count | Bels / Slice |
+--------------------------+---------------------------------------------------------------------+-------------------------------+------------------+----------------+--------------+
|  clock_gen/inst/clk_out1 |                                                                     |                               |                3 |              3 |         1.00 |
|  clock_gen/inst/clk_out1 | capture_inst/addr0                                                  | sobel_engine/btnC             |                3 |              3 |         1.00 |
|  clock_gen/inst/clk_out1 | vga_driver/h_count_reg[8]_0[0]                                      | sobel_engine/btnC             |                1 |              4 |         4.00 |
|  clock_gen/inst/clk_out1 | controller/state_EQ_0_AND_en_OR_NOT_state_EQ_0_AND_state__ETC___d21 | sobel_engine/btnC             |                1 |              5 |         5.00 |
|  clock_gen/inst/clk_out1 | capture_inst/cols0                                                  | capture_inst/cols[9]_i_1_n_0  |                2 |             10 |         5.00 |
|  clock_gen/inst/clk_out1 | sobel_engine/row_count$EN                                           | sobel_engine/btnC             |                6 |             10 |         1.67 |
|  clock_gen/inst/clk_out2 |                                                                     | vga_driver/h_count[9]_i_1_n_0 |                3 |             10 |         3.33 |
|  clock_gen/inst/clk_out2 | vga_driver/CEA2                                                     | sobel_engine/btnC             |                5 |             10 |         2.00 |
|  clock_gen/inst/clk_out1 | sobel_engine/addr_reg$EN                                            | sobel_engine/btnC             |                7 |             16 |         2.29 |
|  clock_gen/inst/clk_out1 | capture_inst/addr0                                                  | capture_inst/addr[0]_i_1_n_0  |                5 |             17 |         3.40 |
|  clock_gen/inst/clk_out1 | vga_driver/E[0]                                                     |                               |                6 |             18 |         3.00 |
|  clock_gen/inst/clk_out1 |                                                                     | sobel_engine/btnC             |               10 |             20 |         2.00 |
|  clock_gen/inst/clk_out1 | vga_driver/FSM_onehot_state_reg[0][0]                               | sobel_engine/btnC             |               14 |             44 |         3.14 |
+--------------------------+---------------------------------------------------------------------+-------------------------------+------------------+----------------+--------------+


